{
  "message": "Invalid transaction: Type: Validation Code: INVALID_SIGNATURE",
  "error_code": "invalid_submitted_transaction",
  "vm_error_code": 1
}
