{
  "message": "Resource not found by Address(0xf), Struct tag(0x1::account::Account) and Ledger version(0)",
  "error_code": "resource_not_found",
  "vm_error_code": null
}
