{
  "message": "Failed to deserialize input into SignedTransaction",
  "error_code": "invalid_input",
  "vm_error_code": null
}
