{
  "message": "unauthorized",
  "error_code": "web_framework_error",
  "vm_error_code": null
}
{
  "message": "unauthorized",
  "error_code": "web_framework_error",
  "vm_error_code": null
}
{
  "message": "unauthorized",
  "error_code": "web_framework_error",
  "vm_error_code": null
}
{
  "message": "unauthorized",
  "error_code": "web_framework_error",
  "vm_error_code": null
}
