{
  "type": "0x1::guid::Generator",
  "data": {
    "counter": "3"
  }
}
