{
  "message": "parse request payload error: failed to parse \"string(EntryFunctionId)\": invalid entry function id \"invalid\" (occurred while parsing \"EntryFunctionPayload\") (occurred while parsing \"TransactionPayload\") (occurred while parsing \"UserTransactionRequestInner\") (occurred while parsing \"EncodeSubmissionRequest\")",
  "error_code": "web_framework_error",
  "vm_error_code": null
}
