[
  {
    "version": "0",
    "key": "0x01000000000000000000000000000000000000000000000000000000000000000000000000000001",
    "sequence_number": "0",
    "type": "0x1::reconfiguration::NewEpochEvent",
    "data": {
      "epoch": "1"
    }
  }
]
